../Core/Src/main.c:86:6:uartDataTx	16	static
../Core/Src/main.c:93:6:uartDataRx	16	static
../Core/Src/main.c:101:10:calcDelay	16	static
../Core/Src/main.c:109:6:raise_fun	16	static
../Core/Src/main.c:140:6:drop_fun	4016	static
../Core/Src/main.c:160:6:testSTM	4	static
../Core/Src/main.c:171:5:main	16	static
../Core/Src/main.c:239:6:SystemClock_Config	120	static
../Core/Src/main.c:291:13:MX_ADC1_Init	24	static
../Core/Src/main.c:338:13:MX_TIM1_Init	48	static
../Core/Src/main.c:401:13:MX_TIM2_Init	64	static
../Core/Src/main.c:460:13:MX_TIM3_Init	64	static
../Core/Src/main.c:519:13:MX_USART1_UART_Init	8	static
../Core/Src/main.c:552:13:MX_GPIO_Init	40	static
../Core/Src/main.c:592:6:Error_Handler	4	static,ignoring_inline_asm
