../Core/Src/main.c:83:6:uartDataTx	16	static
../Core/Src/main.c:89:6:uartDataRx	16	static
../Core/Src/main.c:97:10:calcDelay	16	static
../Core/Src/main.c:104:6:raise_fun	24	static
../Core/Src/main.c:120:6:drop_fun	4016	static
../Core/Src/main.c:146:5:main	16	static
../Core/Src/main.c:228:6:SystemClock_Config	120	static
../Core/Src/main.c:280:13:MX_ADC1_Init	24	static
../Core/Src/main.c:327:13:MX_TIM1_Init	48	static
../Core/Src/main.c:390:13:MX_TIM2_Init	64	static
../Core/Src/main.c:449:13:MX_TIM3_Init	64	static
../Core/Src/main.c:508:13:MX_USART1_UART_Init	8	static
../Core/Src/main.c:541:13:MX_GPIO_Init	40	static
../Core/Src/main.c:581:6:Error_Handler	4	static,ignoring_inline_asm
