../Core/Src/main.c:86:6:uartDataTx	16	static
../Core/Src/main.c:93:6:uartDataRx	16	static
../Core/Src/main.c:101:10:calcDelay	16	static
../Core/Src/main.c:107:6:moveStepper	24	static
../Core/Src/main.c:131:6:raise_fun	8	static
../Core/Src/main.c:146:6:drop_fun	24	static
../Core/Src/main.c:180:6:HAL_UART_RxCpltCallback	16	static
../Core/Src/main.c:204:5:main	40	static
../Core/Src/main.c:293:6:SystemClock_Config	120	static
../Core/Src/main.c:348:13:MX_ADC1_Init	24	static
../Core/Src/main.c:395:13:MX_TIM1_Init	48	static
../Core/Src/main.c:458:13:MX_TIM2_Init	64	static
../Core/Src/main.c:517:13:MX_TIM3_Init	64	static
../Core/Src/main.c:576:13:MX_USART1_UART_Init	8	static
../Core/Src/main.c:609:13:MX_GPIO_Init	40	static
../Core/Src/main.c:649:6:Error_Handler	4	static,ignoring_inline_asm
