../Core/Src/main.c:86:6:uartDataTx	1
../Core/Src/main.c:93:6:uartDataRx	1
../Core/Src/main.c:101:10:calcDelay	1
../Core/Src/main.c:107:6:moveStepper	1
../Core/Src/main.c:131:6:raise_fun	1
../Core/Src/main.c:146:6:drop_fun	1
../Core/Src/main.c:180:6:HAL_UART_RxCpltCallback	4
../Core/Src/main.c:204:5:main	1
../Core/Src/main.c:293:6:SystemClock_Config	4
../Core/Src/main.c:348:13:MX_ADC1_Init	3
../Core/Src/main.c:395:13:MX_TIM1_Init	7
../Core/Src/main.c:458:13:MX_TIM2_Init	6
../Core/Src/main.c:517:13:MX_TIM3_Init	6
../Core/Src/main.c:576:13:MX_USART1_UART_Init	2
../Core/Src/main.c:609:13:MX_GPIO_Init	1
../Core/Src/main.c:649:6:Error_Handler	1
