../Core/Src/main.c:84:6:uartDataTx	16	static
../Core/Src/main.c:91:6:uartDataRx	16	static
../Core/Src/main.c:99:10:calcDelay	16	static
../Core/Src/main.c:105:6:moveStepper	24	static
../Core/Src/main.c:129:6:raise_fun	8	static
../Core/Src/main.c:144:6:drop_fun	4024	static
../Core/Src/main.c:184:5:main	16	static
../Core/Src/main.c:252:6:SystemClock_Config	120	static
../Core/Src/main.c:307:13:MX_ADC1_Init	24	static
../Core/Src/main.c:354:13:MX_TIM1_Init	48	static
../Core/Src/main.c:417:13:MX_TIM2_Init	64	static
../Core/Src/main.c:476:13:MX_TIM3_Init	64	static
../Core/Src/main.c:535:13:MX_USART1_UART_Init	8	static
../Core/Src/main.c:568:13:MX_GPIO_Init	40	static
../Core/Src/main.c:608:6:Error_Handler	4	static,ignoring_inline_asm
