../Core/Src/main.c:84:6:uartDataTx	1
../Core/Src/main.c:91:6:uartDataRx	1
../Core/Src/main.c:99:10:calcDelay	1
../Core/Src/main.c:105:6:moveStepper	1
../Core/Src/main.c:129:6:raise_fun	1
../Core/Src/main.c:144:6:drop_fun	1
../Core/Src/main.c:184:5:main	1
../Core/Src/main.c:267:6:SystemClock_Config	4
../Core/Src/main.c:322:13:MX_ADC1_Init	3
../Core/Src/main.c:369:13:MX_TIM1_Init	7
../Core/Src/main.c:432:13:MX_TIM2_Init	6
../Core/Src/main.c:491:13:MX_TIM3_Init	6
../Core/Src/main.c:550:13:MX_USART1_UART_Init	2
../Core/Src/main.c:583:13:MX_GPIO_Init	1
../Core/Src/main.c:623:6:Error_Handler	1
