Archive member included to satisfy reference by file (symbol)

/home/olek/st/stm32cubeide_1.17.0_2/plugins/com.st.stm32cube.ide.mcu.externaltools.gnu-tools-for-stm32.12.3.rel1.linux64_1.1.0.202410170702/tools/bin/../lib/gcc/arm-none-eabi/12.3.1/../../../../arm-none-eabi/lib/thumb/v7-m/nofp/libc_nano.a(libc_a-exit.o)
                              /home/olek/st/stm32cubeide_1.17.0_2/plugins/com.st.stm32cube.ide.mcu.externaltools.gnu-tools-for-stm32.12.3.rel1.linux64_1.1.0.202410170702/tools/bin/../lib/gcc/arm-none-eabi/12.3.1/../../../../arm-none-eabi/lib/thumb/v7-m/nofp/crt0.o (exit)
/home/olek/st/stm32cubeide_1.17.0_2/plugins/com.st.stm32cube.ide.mcu.externaltools.gnu-tools-for-stm32.12.3.rel1.linux64_1.1.0.202410170702/tools/bin/../lib/gcc/arm-none-eabi/12.3.1/../../../../arm-none-eabi/lib/thumb/v7-m/nofp/libc_nano.a(libc_a-findfp.o)
                              /home/olek/st/stm32cubeide_1.17.0_2/plugins/com.st.stm32cube.ide.mcu.externaltools.gnu-tools-for-stm32.12.3.rel1.linux64_1.1.0.202410170702/tools/bin/../lib/gcc/arm-none-eabi/12.3.1/../../../../arm-none-eabi/lib/thumb/v7-m/nofp/libc_nano.a(libc_a-exit.o) (__stdio_exit_handler)
/home/olek/st/stm32cubeide_1.17.0_2/plugins/com.st.stm32cube.ide.mcu.externaltools.gnu-tools-for-stm32.12.3.rel1.linux64_1.1.0.202410170702/tools/bin/../lib/gcc/arm-none-eabi/12.3.1/../../../../arm-none-eabi/lib/thumb/v7-m/nofp/libc_nano.a(libc_a-fwalk.o)
                              /home/olek/st/stm32cubeide_1.17.0_2/plugins/com.st.stm32cube.ide.mcu.externaltools.gnu-tools-for-stm32.12.3.rel1.linux64_1.1.0.202410170702/tools/bin/../lib/gcc/arm-none-eabi/12.3.1/../../../../arm-none-eabi/lib/thumb/v7-m/nofp/libc_nano.a(libc_a-findfp.o) (_fwalk_sglue)
/home/olek/st/stm32cubeide_1.17.0_2/plugins/com.st.stm32cube.ide.mcu.externaltools.gnu-tools-for-stm32.12.3.rel1.linux64_1.1.0.202410170702/tools/bin/../lib/gcc/arm-none-eabi/12.3.1/../../../../arm-none-eabi/lib/thumb/v7-m/nofp/libc_nano.a(libc_a-stdio.o)
                              /home/olek/st/stm32cubeide_1.17.0_2/plugins/com.st.stm32cube.ide.mcu.externaltools.gnu-tools-for-stm32.12.3.rel1.linux64_1.1.0.202410170702/tools/bin/../lib/gcc/arm-none-eabi/12.3.1/../../../../arm-none-eabi/lib/thumb/v7-m/nofp/libc_nano.a(libc_a-findfp.o) (__sread)
/home/olek/st/stm32cubeide_1.17.0_2/plugins/com.st.stm32cube.ide.mcu.externaltools.gnu-tools-for-stm32.12.3.rel1.linux64_1.1.0.202410170702/tools/bin/../lib/gcc/arm-none-eabi/12.3.1/../../../../arm-none-eabi/lib/thumb/v7-m/nofp/libc_nano.a(libc_a-memset.o)
                              /home/olek/st/stm32cubeide_1.17.0_2/plugins/com.st.stm32cube.ide.mcu.externaltools.gnu-tools-for-stm32.12.3.rel1.linux64_1.1.0.202410170702/tools/bin/../lib/gcc/arm-none-eabi/12.3.1/../../../../arm-none-eabi/lib/thumb/v7-m/nofp/crt0.o (memset)
/home/olek/st/stm32cubeide_1.17.0_2/plugins/com.st.stm32cube.ide.mcu.externaltools.gnu-tools-for-stm32.12.3.rel1.linux64_1.1.0.202410170702/tools/bin/../lib/gcc/arm-none-eabi/12.3.1/../../../../arm-none-eabi/lib/thumb/v7-m/nofp/libc_nano.a(libc_a-closer.o)
                              /home/olek/st/stm32cubeide_1.17.0_2/plugins/com.st.stm32cube.ide.mcu.externaltools.gnu-tools-for-stm32.12.3.rel1.linux64_1.1.0.202410170702/tools/bin/../lib/gcc/arm-none-eabi/12.3.1/../../../../arm-none-eabi/lib/thumb/v7-m/nofp/libc_nano.a(libc_a-stdio.o) (_close_r)
/home/olek/st/stm32cubeide_1.17.0_2/plugins/com.st.stm32cube.ide.mcu.externaltools.gnu-tools-for-stm32.12.3.rel1.linux64_1.1.0.202410170702/tools/bin/../lib/gcc/arm-none-eabi/12.3.1/../../../../arm-none-eabi/lib/thumb/v7-m/nofp/libc_nano.a(libc_a-reent.o)
                              /home/olek/st/stm32cubeide_1.17.0_2/plugins/com.st.stm32cube.ide.mcu.externaltools.gnu-tools-for-stm32.12.3.rel1.linux64_1.1.0.202410170702/tools/bin/../lib/gcc/arm-none-eabi/12.3.1/../../../../arm-none-eabi/lib/thumb/v7-m/nofp/libc_nano.a(libc_a-closer.o) (errno)
/home/olek/st/stm32cubeide_1.17.0_2/plugins/com.st.stm32cube.ide.mcu.externaltools.gnu-tools-for-stm32.12.3.rel1.linux64_1.1.0.202410170702/tools/bin/../lib/gcc/arm-none-eabi/12.3.1/../../../../arm-none-eabi/lib/thumb/v7-m/nofp/libc_nano.a(libc_a-impure.o)
                              /home/olek/st/stm32cubeide_1.17.0_2/plugins/com.st.stm32cube.ide.mcu.externaltools.gnu-tools-for-stm32.12.3.rel1.linux64_1.1.0.202410170702/tools/bin/../lib/gcc/arm-none-eabi/12.3.1/../../../../arm-none-eabi/lib/thumb/v7-m/nofp/libc_nano.a(libc_a-reent.o) (_impure_ptr)
/home/olek/st/stm32cubeide_1.17.0_2/plugins/com.st.stm32cube.ide.mcu.externaltools.gnu-tools-for-stm32.12.3.rel1.linux64_1.1.0.202410170702/tools/bin/../lib/gcc/arm-none-eabi/12.3.1/../../../../arm-none-eabi/lib/thumb/v7-m/nofp/libc_nano.a(libc_a-lseekr.o)
[...]
Memory Configuration

Name             Origin             Length             Attributes
RAM              0x20000000         0x00010000         xrw
FLASH            0x08000000         0x00010000         xr
*default*        0x00000000         0xffffffff

Linker script and memory map

LOAD /home/olek/st/stm32cubeide_1.17.0_2/plugins/com.st.stm32cube.ide.mcu.externaltools.gnu-tools-for-stm32.12.3.rel1.linux64_1.1.0.202410170702/tools/bin/../lib/gcc/arm-none-eabi/12.3.1/thumb/v7-m/nofp/crti.o
LOAD /home/olek/st/stm32cubeide_1.17.0_2/plugins/com.st.stm32cube.ide.mcu.externaltools.gnu-tools-for-stm32.12.3.rel1.linux64_1.1.0.202410170702/tools/bin/../lib/gcc/arm-none-eabi/12.3.1/thumb/v7-m/nofp/crtbegin.o
LOAD /home/olek/st/stm32cubeide_1.17.0_2/plugins/com.st.stm32cube.ide.mcu.externaltools.gnu-tools-for-stm32.12.3.rel1.linux64_1.1.0.202410170702/tools/bin/../lib/gcc/arm-none-eabi/12.3.1/../../../../arm-none-eabi/lib/thumb/v7-m/nofp/crt0.o
LOAD ./Core/Src/main.o
LOAD ./Core/Src/stm32f1xx_hal_msp.o
LOAD ./Core/Src/stm32f1xx_it.o
LOAD ./Core/Src/syscalls.o
LOAD ./Core/Src/sysmem.o
LOAD ./Core/Src/system_stm32f1xx.o
LOAD ./Core/Startup/startup_stm32f105r8tx.o
LOAD ./Drivers/STM32F1xx_HAL_Driver/Src/stm32f1xx_hal.o
LOAD ./Drivers/STM32F1xx_HAL_Driver/Src/stm32f1xx_hal_adc.o
LOAD ./Drivers/STM32F1xx_HAL_Driver/Src/stm32f1xx_hal_adc_ex.o
LOAD ./Drivers/STM32F1xx_HAL_Driver/Src/stm32f1xx_hal_cortex.o
LOAD ./Drivers/STM32F1xx_HAL_Driver/Src/stm32f1xx_hal_dma.o
LOAD ./Drivers/STM32F1xx_HAL_Driver/Src/stm32f1xx_hal_exti.o
LOAD ./Drivers/STM32F1xx_HAL_Driver/Src/stm32f1xx_hal_flash.o
LOAD ./Drivers/STM32F1xx_HAL_Driver/Src/stm32f1xx_hal_flash_ex.o
LOAD ./Drivers/STM32F1xx_HAL_Driver/Src/stm32f1xx_hal_gpio.o
LOAD ./Drivers/STM32F1xx_HAL_Driver/Src/stm32f1xx_hal_gpio_ex.o
LOAD ./Drivers/STM32F1xx_HAL_Driver/Src/stm32f1xx_hal_pwr.o
LOAD ./Drivers/STM32F1xx_HAL_Driver/Src/stm32f1xx_hal_rcc.o
LOAD ./Drivers/STM32F1xx_HAL_Driver/Src/stm32f1xx_hal_rcc_ex.o
LOAD ./Drivers/STM32F1xx_HAL_Driver/Src/stm32f1xx_hal_tim.o
LOAD ./Drivers/STM32F1xx_HAL_Driver/Src/stm32f1xx_hal_tim_ex.o
LOAD ./Drivers/STM32F1xx_HAL_Driver/Src/stm32f1xx_hal_uart.o
START GROUP
LOAD /home/olek/st/stm32cubeide_1.17.0_2/plugins/com.st.stm32cube.ide.mcu.externaltools.gnu-tools-for-stm32.12.3.rel1.linux64_1.1.0.202410170702/tools/bin/../lib/gcc/arm-none-eabi/12.3.1/../../../../arm-none-eabi/lib/thumb/v7-m/nofp/libc_nano.a
LOAD /home/olek/st/stm32cubeide_1.17.0_2/plugins/com.st.stm32cube.ide.mcu.externaltools.gnu-tools-for-stm32.12.3.rel1.linux64_1.1.0.202410170702/tools/bin/../lib/gcc/arm-none-eabi/12.3.1/../../../../arm-none-eabi/lib/thumb/v7-m/nofp/libm.a
END GROUP
START GROUP
LOAD /home/olek/st/stm32cubeide_1.17.0_2/plugins/com.st.stm32cube.ide.mcu.externaltools.gnu-tools-for-stm32.12.3.rel1.linux64_1.1.0.202410170702/tools/bin/../lib/gcc/arm-none-eabi/12.3.1/thumb/v7-m/nofp/libgcc.a
LOAD /home/olek/st/stm32cubeide_1.17.0_2/plugins/com.st.stm32cube.ide.mcu.externaltools.gnu-tools-for-stm32.12.3.rel1.linux64_1.1.0.202410170702/tools/bin/../lib/gcc/arm-none-eabi/12.3.1/../../../../arm-none-eabi/lib/thumb/v7-m/nofp/libc_nano.a
END GROUP
START GROUP
LOAD /home/olek/st/stm32cubeide_1.17.0_2/plugins/com.st.stm32cube.ide.mcu.externaltools.gnu-tools-for-stm32.12.3.rel1.linux64_1.1.0.202410170702/tools/bin/../lib/gcc/arm-none-eabi/12.3.1/thumb/v7-m/nofp/libgcc.a
LOAD /home/olek/st/stm32cubeide_1.17.0_2/plugins/com.st.stm32cube.ide.mcu.externaltools.gnu-tools-for-stm32.12.3.rel1.linux64_1.1.0.202410170702/tools/bin/../lib/gcc/arm-none-eabi/12.3.1/../../../../arm-none-eabi/lib/thumb/v7-m/nofp/libc_nano.a
LOAD /home/olek/st/stm32cubeide_1.17.0_2/plugins/com.st.stm32cube.ide.mcu.externaltools.gnu-tools-for-stm32.12.3.rel1.linux64_1.1.0.202410170702/tools/bin/../lib/gcc/arm-none-eabi/12.3.1/../../../../arm-none-eabi/lib/thumb/v7-m/nofp/libnosys.a
END GROUP
START GROUP
LOAD /home/olek/st/stm32cubeide_1.17.0_2/plugins/com.st.stm32cube.ide.mcu.externaltools.gnu-tools-for-stm32.12.3.rel1.linux64_1.1.0.202410170702/tools/bin/../lib/gcc/arm-none-eabi/12.3.1/thumb/v7-m/nofp/libgcc.a
LOAD /home/olek/st/stm32cubeide_1.17.0_2/plugins/com.st.stm32cube.ide.mcu.externaltools.gnu-tools-for-stm32.12.3.rel1.linux64_1.1.0.202410170702/tools/bin/../lib/gcc/arm-none-eabi/12.3.1/../../../../arm-none-eabi/lib/thumb/v7-m/nofp/libc_nano.a
LOAD /home/olek/st/stm32cubeide_1.17.0_2/plugins/com.st.stm32cube.ide.mcu.externaltools.gnu-tools-for-stm32.12.3.rel1.linux64_1.1.0.202410170702/tools/bin/../lib/gcc/arm-none-eabi/12.3.1/../../../../arm-none-eabi/lib/thumb/v7-m/nofp/libnosys.a
END GROUP
LOAD /home/olek/st/stm32cubeide_1.17.0_2/plugins/com.st.stm32cube.ide.mcu.externaltools.gnu-tools-for-stm32.12.3.rel1.linux64_1.1.0.202410170702/tools/bin/../lib/gcc/arm-none-eabi/12.3.1/thumb/v7-m/nofp/crtend.o
LOAD /home/olek/st/stm32cubeide_1.17.0_2/plugins/com.st.stm32cube.ide.mcu.externaltools.gnu-tools-for-stm32.12.3.rel1.linux64_1.1.0.202410170702/tools/bin/../lib/gcc/arm-none-eabi/12.3.1/thumb/v7-m/nofp/crtn.o
                0x20010000                        _estack = (ORIGIN (RAM) + LENGTH (RAM))
                0x00000200                        _Min_Heap_Size = 0x200
                0x00000400                        _Min_Stack_Size = 0x400

.isr_vector     0x08000000      0x1e4
                0x08000000                        . = ALIGN (0x4)
 *(.isr_vector)
 .isr_vector    0x08000000      0x1e4 ./Core/Startup/startup_stm32f105r8tx.o
                0x08000000                g_pfnVectors
                0x080001e4                        . = ALIGN (0x4)

.text           0x080001e4     0x4454
                0x080001e4                        . = ALIGN (0x4)
 *(.text)
 .text          0x080001e4       0x40 /home/olek/st/stm32cubeide_1.17.0_2/plugins/com.st.stm32cube.ide.mcu.externaltools.gnu-tools-for-stm32.12.3.rel1.linux64_1.1.0.202410170702/tools/bin/../lib/gcc/arm-none-eabi/12.3.1/thumb/v7-m/nofp/crtbegin.o
 .text          0x08000224       0x30 /home/olek/st/stm32cubeide_1.17.0_2/plugins/com.st.stm32cube.ide.mcu.externaltools.gnu-tools-for-stm32.12.3.rel1.linux64_1.1.0.202410170702/tools/bin/../lib/gcc/arm-none-eabi/12.3.1/thumb/v7-m/nofp/libgcc.a(_aeabi_uldivmod.o)
                0x08000224                __aeabi_uldivmod
 .text          0x08000254      0x2b8 /home/olek/st/stm32cubeide_1.17.0_2/plugins/com.st.stm32cube.ide.mcu.externaltools.gnu-tools-for-stm32.12.3.rel1.linux64_1.1.0.202410170702/tools/bin/../lib/gcc/arm-none-eabi/12.3.1/thumb/v7-m/nofp/libgcc.a(_udivmoddi4.o)
                0x08000254                __udivmoddi4
 .text          0x0800050c        0x4 /home/olek/st/stm32cubeide_1.17.0_2/plugins/com.st.stm32cube.ide.mcu.externaltools.gnu-tools-for-stm32.12.3.rel1.linux64_1.1.0.202410170702/tools/bin/../lib/gcc/arm-none-eabi/12.3.1/thumb/v7-m/nofp/libgcc.a(_dvmd_tls.o)
                0x0800050c                __aeabi_ldiv0
                0x0800050c                __aeabi_idiv0
 *(.text*)
 .text.HAL_UART_RxCpltCallback
                0x08000510       0x74 ./Core/Src/main.o
                0x08000510                HAL_UART_RxCpltCallback
 .text.main     0x08000584       0x6c ./Core/Src/main.o
                0x08000584                main
 .text.SystemClock_Config
                0x080005f0       0xd4 ./Core/Src/main.o
                0x080005f0                SystemClock_Config
 .text.MX_ADC1_Init
                0x080006c4       0x7c ./Core/Src/main.o
 .text.MX_TIM1_Init
                0x08000740       0xfc ./Core/Src/main.o
 .text.MX_TIM2_Init
                0x0800083c       0xec ./Core/Src/main.o
 .text.MX_TIM3_Init
                0x08000928       0xec ./Core/Src/main.o
 .text.MX_USART1_UART_Init
                0x08000a14       0x54 ./Core/Src/main.o
 .text.MX_GPIO_Init
                0x08000a68       0xc8 ./Core/Src/main.o
 .text.Error_Handler
                0x08000b30        0xc ./Core/Src/main.o
                0x08000b30                Error_Handler
 .text.HAL_MspInit
                0x08000b3c       0x64 ./Core/Src/stm32f1xx_hal_msp.o
                0x08000b3c                HAL_MspInit
 .text.HAL_ADC_MspInit
                0x08000ba0       0x78 ./Core/Src/stm32f1xx_hal_msp.o
                0x08000ba0                HAL_ADC_MspInit
 .text.HAL_TIM_Base_MspInit
                0x08000c18       0xcc ./Core/Src/stm32f1xx_hal_msp.o
                0x08000c18                HAL_TIM_Base_MspInit
 .text.HAL_TIM_MspPostInit
                0x08000ce4       0xf4 ./Core/Src/stm32f1xx_hal_msp.o
                0x08000ce4                HAL_TIM_MspPostInit
 .text.HAL_UART_MspInit
                0x08000dd8       0xc4 ./Core/Src/stm32f1xx_hal_msp.o
                0x08000dd8                HAL_UART_MspInit
 .text.NMI_Handler
                0x08000e9c        0x8 ./Core/Src/stm32f1xx_it.o
                0x08000e9c                NMI_Handler
 .text.HardFault_Handler
                0x08000ea4        0x8 ./Core/Src/stm32f1xx_it.o
                0x08000ea4                HardFault_Handler
 .text.MemManage_Handler
                0x08000eac        0x8 ./Core/Src/stm32f1xx_it.o
                0x08000eac                MemManage_Handler
 .text.BusFault_Handler
                0x08000eb4        0x8 ./Core/Src/stm32f1xx_it.o
                0x08000eb4                BusFault_Handler
 .text.UsageFault_Handler
                0x08000ebc        0x8 ./Core/Src/stm32f1xx_it.o
                0x08000ebc                UsageFault_Handler
 .text.SVC_Handler
                0x08000ec4        0xc ./Core/Src/stm32f1xx_it.o
                0x08000ec4                SVC_Handler
 .text.DebugMon_Handler
                0x08000ed0        0xc ./Core/Src/stm32f1xx_it.o
                0x08000ed0                DebugMon_Handler
 .text.PendSV_Handler
                0x08000edc        0xc ./Core/Src/stm32f1xx_it.o
                0x08000edc                PendSV_Handler
 .text.SysTick_Handler
                0x08000ee8        0xc ./Core/Src/stm32f1xx_it.o
                0x08000ee8                SysTick_Handler
 .text.USART1_IRQHandler
                0x08000ef4       0x14 ./Core/Src/stm32f1xx_it.o
                0x08000ef4                USART1_IRQHandler
 .text.SystemInit
                0x08000f08        0xc ./Core/Src/system_stm32f1xx.o
                0x08000f08                SystemInit
 .text.Reset_Handler
                0x08000f14       0x48 ./Core/Startup/startup_stm32f105r8tx.o
                0x08000f14                Reset_Handler
 .text.Default_Handler
                0x08000f5c        0x2 ./Core/Startup/startup_stm32f105r8tx.o
                0x08000f5c                RTC_Alarm_IRQHandler
                0x08000f5c                EXTI2_IRQHandler
                0x08000f5c                TIM1_CC_IRQHandler
                0x08000f5c                TIM6_IRQHandler
                0x08000f5c                PVD_IRQHandler
                0x08000f5c                CAN2_RX1_IRQHandler
                0x08000f5c                EXTI3_IRQHandler
                0x08000f5c                EXTI0_IRQHandler
                0x08000f5c                I2C2_EV_IRQHandler
                0x08000f5c                CAN1_RX0_IRQHandler
                0x08000f5c                CAN2_SCE_IRQHandler
                0x08000f5c                ADC1_2_IRQHandler
                0x08000f5c                SPI1_IRQHandler
                0x08000f5c                TAMPER_IRQHandler
                0x08000f5c                CAN2_RX0_IRQHandler
                0x08000f5c                DMA2_Channel2_IRQHandler
                0x08000f5c                DMA1_Channel4_IRQHandler
                0x08000f5c                USART3_IRQHandler
                0x08000f5c                RTC_IRQHandler
                0x08000f5c                DMA1_Channel7_IRQHandler
                0x08000f5c                CAN1_RX1_IRQHandler
                0x08000f5c                UART5_IRQHandler
                0x08000f5c                TIM4_IRQHandler
                0x08000f5c                DMA2_Channel1_IRQHandler
                0x08000f5c                I2C1_EV_IRQHandler
                0x08000f5c                DMA1_Channel6_IRQHandler
                0x08000f5c                UART4_IRQHandler
                0x08000f5c                DMA2_Channel4_IRQHandler
                0x08000f5c                TIM3_IRQHandler
                0x08000f5c                RCC_IRQHandler
                0x08000f5c                TIM1_TRG_COM_IRQHandler
                0x08000f5c                DMA1_Channel1_IRQHandler
                0x08000f5c                Default_Handler
                0x08000f5c                EXTI15_10_IRQHandler
                0x08000f5c                TIM7_IRQHandler
                0x08000f5c                CAN2_TX_IRQHandler
                0x08000f5c                TIM5_IRQHandler
                0x08000f5c                EXTI9_5_IRQHandler
                0x08000f5c                SPI2_IRQHandler
                0x08000f5c                CAN1_TX_IRQHandler
                0x08000f5c                DMA2_Channel5_IRQHandler
                0x08000f5c                DMA1_Channel5_IRQHandler
                0x08000f5c                EXTI4_IRQHandler
                0x08000f5c                DMA1_Channel3_IRQHandler
                0x08000f5c                TIM1_UP_IRQHandler
                0x08000f5c                WWDG_IRQHandler
                0x08000f5c                TIM2_IRQHandler
                0x08000f5c                OTG_FS_WKUP_IRQHandler
                0x08000f5c                TIM1_BRK_IRQHandler
                0x08000f5c                EXTI1_IRQHandler
                0x08000f5c                USART2_IRQHandler
                0x08000f5c                I2C2_ER_IRQHandler
                0x08000f5c                DMA1_Channel2_IRQHandler
                0x08000f5c                CAN1_SCE_IRQHandler
                0x08000f5c                FLASH_IRQHandler
                0x08000f5c                OTG_FS_IRQHandler
                0x08000f5c                SPI3_IRQHandler
                0x08000f5c                I2C1_ER_IRQHandler
                0x08000f5c                DMA2_Channel3_IRQHandler
 *fill*         0x08000f5e        0x2 
 .text.HAL_Init
                0x08000f60       0x2c ./Drivers/STM32F1xx_HAL_Driver/Src/stm32f1xx_hal.o
                0x08000f60                HAL_Init
 .text.HAL_InitTick
                0x08000f8c       0x60 ./Drivers/STM32F1xx_HAL_Driver/Src/stm32f1xx_hal.o
                0x08000f8c                HAL_InitTick
 .text.HAL_IncTick
                0x08000fec       0x24 ./Drivers/STM32F1xx_HAL_Driver/Src/stm32f1xx_hal.o
                0x08000fec                HAL_IncTick
 .text.HAL_GetTick
                0x08001010       0x14 ./Drivers/STM32F1xx_HAL_Driver/Src/stm32f1xx_hal.o
                0x08001010                HAL_GetTick
 .text.HAL_Delay
                0x08001024       0x48 ./Drivers/STM32F1xx_HAL_Driver/Src/stm32f1xx_hal.o
                0x08001024                HAL_Delay
 .text.HAL_ADC_Init
                0x0800106c      0x1b0 ./Drivers/STM32F1xx_HAL_Driver/Src/stm32f1xx_hal_adc.o
                0x0800106c                HAL_ADC_Init
 .text.HAL_ADC_ConfigChannel
                0x0800121c      0x1f0 ./Drivers/STM32F1xx_HAL_Driver/Src/stm32f1xx_hal_adc.o
                0x0800121c                HAL_ADC_ConfigChannel
 .text.ADC_ConversionStop_Disable
                0x0800140c       0x82 ./Drivers/STM32F1xx_HAL_Driver/Src/stm32f1xx_hal_adc.o
                0x0800140c                ADC_ConversionStop_Disable
 *fill*         0x0800148e        0x2 
 .text.__NVIC_SetPriorityGrouping
                0x08001490       0x48 ./Drivers/STM32F1xx_HAL_Driver/Src/stm32f1xx_hal_cortex.o
 .text.__NVIC_GetPriorityGrouping
                0x080014d8       0x1c ./Drivers/STM32F1xx_HAL_Driver/Src/stm32f1xx_hal_cortex.o
 .text.__NVIC_EnableIRQ
                0x080014f4       0x38 ./Drivers/STM32F1xx_HAL_Driver/Src/stm32f1xx_hal_cortex.o
 .text.__NVIC_SetPriority
                0x0800152c       0x54 ./Drivers/STM32F1xx_HAL_Driver/Src/stm32f1xx_hal_cortex.o
 .text.NVIC_EncodePriority
                0x08001580       0x64 ./Drivers/STM32F1xx_HAL_Driver/Src/stm32f1xx_hal_cortex.o
 .text.SysTick_Config
                0x080015e4       0x44 ./Drivers/STM32F1xx_HAL_Driver/Src/stm32f1xx_hal_cortex.o
 .text.HAL_NVIC_SetPriorityGrouping
                0x08001628       0x16 ./Drivers/STM32F1xx_HAL_Driver/Src/stm32f1xx_hal_cortex.o
                0x08001628                HAL_NVIC_SetPriorityGrouping
 .text.HAL_NVIC_SetPriority
                0x0800163e       0x38 ./Drivers/STM32F1xx_HAL_Driver/Src/stm32f1xx_hal_cortex.o
                0x0800163e                HAL_NVIC_SetPriority
 .text.HAL_NVIC_EnableIRQ
                0x08001676       0x1c ./Drivers/STM32F1xx_HAL_Driver/Src/stm32f1xx_hal_cortex.o
                0x08001676                HAL_NVIC_EnableIRQ
 .text.HAL_SYSTICK_Config
                0x08001692       0x18 ./Drivers/STM32F1xx_HAL_Driver/Src/stm32f1xx_hal_cortex.o
                0x08001692                HAL_SYSTICK_Config
 .text.HAL_DMA_Abort
                0x080016aa       0x76 ./Drivers/STM32F1xx_HAL_Driver/Src/stm32f1xx_hal_dma.o
                0x080016aa                HAL_DMA_Abort
 .text.HAL_DMA_Abort_IT
                0x08001720      0x210 ./Drivers/STM32F1xx_HAL_Driver/Src/stm32f1xx_hal_dma.o
                0x08001720                HAL_DMA_Abort_IT
 .text.HAL_GPIO_Init
                0x08001930      0x308 ./Drivers/STM32F1xx_HAL_Driver/Src/stm32f1xx_hal_gpio.o
                0x08001930                HAL_GPIO_Init
 .text.HAL_GPIO_WritePin
                0x08001c38       0x30 ./Drivers/STM32F1xx_HAL_Driver/Src/stm32f1xx_hal_gpio.o
                0x08001c38                HAL_GPIO_WritePin
 .text.HAL_RCC_OscConfig
                0x08001c68      0x62c ./Drivers/STM32F1xx_HAL_Driver/Src/stm32f1xx_hal_rcc.o
                0x08001c68                HAL_RCC_OscConfig
 .text.HAL_RCC_ClockConfig
                0x08002294      0x1d4 ./Drivers/STM32F1xx_HAL_Driver/Src/stm32f1xx_hal_rcc.o
                0x08002294                HAL_RCC_ClockConfig
 .text.HAL_RCC_GetSysClockFreq
                0x08002468      0x1ec ./Drivers/STM32F1xx_HAL_Driver/Src/stm32f1xx_hal_rcc.o
                0x08002468                HAL_RCC_GetSysClockFreq
 .text.HAL_RCC_GetHCLKFreq
                0x08002654       0x14 ./Drivers/STM32F1xx_HAL_Driver/Src/stm32f1xx_hal_rcc.o
                0x08002654                HAL_RCC_GetHCLKFreq
 .text.HAL_RCC_GetPCLK1Freq
                0x08002668       0x28 ./Drivers/STM32F1xx_HAL_Driver/Src/stm32f1xx_hal_rcc.o
                0x08002668                HAL_RCC_GetPCLK1Freq
 .text.HAL_RCC_GetPCLK2Freq
                0x08002690       0x28 ./Drivers/STM32F1xx_HAL_Driver/Src/stm32f1xx_hal_rcc.o
                0x08002690                HAL_RCC_GetPCLK2Freq
 .text.RCC_Delay
                0x080026b8       0x3c ./Drivers/STM32F1xx_HAL_Driver/Src/stm32f1xx_hal_rcc.o
 .text.HAL_RCCEx_PeriphCLKConfig
                0x080026f4      0x264 ./Drivers/STM32F1xx_HAL_Driver/Src/stm32f1xx_hal_rcc_ex.o
                0x080026f4                HAL_RCCEx_PeriphCLKConfig
 .text.HAL_TIM_Base_Init
                0x08002958       0x9e ./Drivers/STM32F1xx_HAL_Driver/Src/stm32f1xx_hal_tim.o
                0x08002958                HAL_TIM_Base_Init
 .text.HAL_TIM_PWM_Init
                0x080029f6       0x9e ./Drivers/STM32F1xx_HAL_Driver/Src/stm32f1xx_hal_tim.o
                0x080029f6                HAL_TIM_PWM_Init
 .text.HAL_TIM_PWM_MspInit
                0x08002a94       0x12 ./Drivers/STM32F1xx_HAL_Driver/Src/stm32f1xx_hal_tim.o
                0x08002a94                HAL_TIM_PWM_MspInit
 .text.HAL_TIM_IC_Init
                0x08002aa6       0x9e ./Drivers/STM32F1xx_HAL_Driver/Src/stm32f1xx_hal_tim.o
                0x08002aa6                HAL_TIM_IC_Init
 .text.HAL_TIM_IC_MspInit
                0x08002b44       0x12 ./Drivers/STM32F1xx_HAL_Driver/Src/stm32f1xx_hal_tim.o
                0x08002b44                HAL_TIM_IC_MspInit
 .text.HAL_TIM_IC_ConfigChannel
                0x08002b56      0x138 ./Drivers/STM32F1xx_HAL_Driver/Src/stm32f1xx_hal_tim.o
                0x08002b56                HAL_TIM_IC_ConfigChannel
 *fill*         0x08002c8e        0x2 
 .text.HAL_TIM_PWM_ConfigChannel
                0x08002c90      0x184 ./Drivers/STM32F1xx_HAL_Driver/Src/stm32f1xx_hal_tim.o
                0x08002c90                HAL_TIM_PWM_ConfigChannel
 .text.HAL_TIM_ConfigClockSource
                0x08002e14      0x18e ./Drivers/STM32F1xx_HAL_Driver/Src/stm32f1xx_hal_tim.o
                0x08002e14                HAL_TIM_ConfigClockSource
 *fill*         0x08002fa2        0x2 
 .text.TIM_Base_SetConfig
                0x08002fa4       0xf0 ./Drivers/STM32F1xx_HAL_Driver/Src/stm32f1xx_hal_tim.o
                0x08002fa4                TIM_Base_SetConfig
 .text.TIM_OC1_SetConfig
                0x08003094       0xcc ./Drivers/STM32F1xx_HAL_Driver/Src/stm32f1xx_hal_tim.o
 .text.TIM_OC2_SetConfig
                0x08003160       0xd4 ./Drivers/STM32F1xx_HAL_Driver/Src/stm32f1xx_hal_tim.o
                0x08003160                TIM_OC2_SetConfig
 .text.TIM_OC3_SetConfig
                0x08003234       0xd4 ./Drivers/STM32F1xx_HAL_Driver/Src/stm32f1xx_hal_tim.o
 .text.TIM_OC4_SetConfig
                0x08003308       0x9c ./Drivers/STM32F1xx_HAL_Driver/Src/stm32f1xx_hal_tim.o
 .text.TIM_TI1_SetConfig
                0x080033a4       0xc0 ./Drivers/STM32F1xx_HAL_Driver/Src/stm32f1xx_hal_tim.o
                0x080033a4                TIM_TI1_SetConfig
 .text.TIM_TI1_ConfigInputStage
                0x08003464       0x5c ./Drivers/STM32F1xx_HAL_Driver/Src/stm32f1xx_hal_tim.o
 .text.TIM_TI2_SetConfig
                0x080034c0       0x78 ./Drivers/STM32F1xx_HAL_Driver/Src/stm32f1xx_hal_tim.o
 .text.TIM_TI2_ConfigInputStage
                0x08003538       0x5e ./Drivers/STM32F1xx_HAL_Driver/Src/stm32f1xx_hal_tim.o
 .text.TIM_TI3_SetConfig
                0x08003596       0x76 ./Drivers/STM32F1xx_HAL_Driver/Src/stm32f1xx_hal_tim.o
 .text.TIM_TI4_SetConfig
                0x0800360c       0x78 ./Drivers/STM32F1xx_HAL_Driver/Src/stm32f1xx_hal_tim.o
 .text.TIM_ITRx_SetConfig
                0x08003684       0x34 ./Drivers/STM32F1xx_HAL_Driver/Src/stm32f1xx_hal_tim.o
 .text.TIM_ETR_SetConfig
                0x080036b8       0x3e ./Drivers/STM32F1xx_HAL_Driver/Src/stm32f1xx_hal_tim.o
                0x080036b8                TIM_ETR_SetConfig
 *fill*         0x080036f6        0x2 
 .text.HAL_TIMEx_MasterConfigSynchronization
                0x080036f8       0xcc ./Drivers/STM32F1xx_HAL_Driver/Src/stm32f1xx_hal_tim_ex.o
                0x080036f8                HAL_TIMEx_MasterConfigSynchronization
 .text.HAL_UART_Init
                0x080037c4       0xa0 ./Drivers/STM32F1xx_HAL_Driver/Src/stm32f1xx_hal_uart.o
                0x080037c4                HAL_UART_Init
 .text.HAL_UART_Transmit
                0x08003864      0x116 ./Drivers/STM32F1xx_HAL_Driver/Src/stm32f1xx_hal_uart.o
                0x08003864                HAL_UART_Transmit
 .text.HAL_UART_Receive
                0x0800397a      0x12e ./Drivers/STM32F1xx_HAL_Driver/Src/stm32f1xx_hal_uart.o
                0x0800397a                HAL_UART_Receive
 .text.HAL_UART_Receive_IT
                0x08003aa8       0x4a ./Drivers/STM32F1xx_HAL_Driver/Src/stm32f1xx_hal_uart.o
                0x08003aa8                HAL_UART_Receive_IT
 *fill*         0x08003af2        0x2 
 .text.HAL_UART_IRQHandler
                0x08003af4      0x524 ./Drivers/STM32F1xx_HAL_Driver/Src/stm32f1xx_hal_uart.o
                0x08003af4                HAL_UART_IRQHandler
 .text.HAL_UART_TxCpltCallback
                0x08004018       0x12 ./Drivers/STM32F1xx_HAL_Driver/Src/stm32f1xx_hal_uart.o
                0x08004018                HAL_UART_TxCpltCallback
 .text.HAL_UART_ErrorCallback
                0x0800402a       0x12 ./Drivers/STM32F1xx_HAL_Driver/Src/stm32f1xx_hal_uart.o
                0x0800402a                HAL_UART_ErrorCallback
 .text.HAL_UARTEx_RxEventCallback
                0x0800403c       0x16 ./Drivers/STM32F1xx_HAL_Driver/Src/stm32f1xx_hal_uart.o
                0x0800403c                HAL_UARTEx_RxEventCallback
 .text.UART_WaitOnFlagUntilTimeout
                0x08004052       0xb2 ./Drivers/STM32F1xx_HAL_Driver/Src/stm32f1xx_hal_uart.o
 .text.UART_Start_Receive_IT
                0x08004104       0x72 ./Drivers/STM32F1xx_HAL_Driver/Src/stm32f1xx_hal_uart.o
                0x08004104                UART_Start_Receive_IT
 .text.UART_EndRxTransfer
                0x08004176       0xc4 ./Drivers/STM32F1xx_HAL_Driver/Src/stm32f1xx_hal_uart.o
 .text.UART_DMAAbortOnError
                0x0800423a       0x28 ./Drivers/STM32F1xx_HAL_Driver/Src/stm32f1xx_hal_uart.o
 .text.UART_Transmit_IT
                0x08004262       0x9e ./Drivers/STM32F1xx_HAL_Driver/Src/stm32f1xx_hal_uart.o
 .text.UART_EndTransmit_IT
                0x08004300       0x30 ./Drivers/STM32F1xx_HAL_Driver/Src/stm32f1xx_hal_uart.o
 .text.UART_Receive_IT
                0x08004330      0x17c ./Drivers/STM32F1xx_HAL_Driver/Src/stm32f1xx_hal_uart.o
 .text.UART_SetConfig
                0x080044ac      0x11c ./Drivers/STM32F1xx_HAL_Driver/Src/stm32f1xx_hal_uart.o
 .text.memset   0x080045c8       0x10 /home/olek/st/stm32cubeide_1.17.0_2/plugins/com.st.stm32cube.ide.mcu.externaltools.gnu-tools-for-stm32.12.3.rel1.linux64_1.1.0.202410170702/tools/bin/../lib/gcc/arm-none-eabi/12.3.1/../../../../arm-none-eabi/lib/thumb/v7-m/nofp/libc_nano.a(libc_a-memset.o)
                0x080045c8                memset
 .text.__libc_init_array
                0x080045d8       0x48 /home/olek/st/stm32cubeide_1.17.0_2/plugins/com.st.stm32cube.ide.mcu.externaltools.gnu-tools-for-stm32.12.3.rel1.linux64_1.1.0.202410170702/tools/bin/../lib/gcc/arm-none-eabi/12.3.1/../../../../arm-none-eabi/lib/thumb/v7-m/nofp/libc_nano.a(libc_a-init.o)
                0x080045d8                __libc_init_array
 *(.glue_7)
 .glue_7        0x08004620        0x0 linker stubs
 *(.glue_7t)
 .glue_7t       0x08004620        0x0 linker stubs
 *(.eh_frame)
 .eh_frame      0x08004620        0x0 /home/olek/st/stm32cubeide_1.17.0_2/plugins/com.st.stm32cube.ide.mcu.externaltools.gnu-tools-for-stm32.12.3.rel1.linux64_1.1.0.202410170702/tools/bin/../lib/gcc/arm-none-eabi/12.3.1/thumb/v7-m/nofp/crtbegin.o
 *(.init)
 .init          0x08004620        0x4 /home/olek/st/stm32cubeide_1.17.0_2/plugins/com.st.stm32cube.ide.mcu.externaltools.gnu-tools-for-stm32.12.3.rel1.linux64_1.1.0.202410170702/tools/bin/../lib/gcc/arm-none-eabi/12.3.1/thumb/v7-m/nofp/crti.o
                0x08004620                _init
 .init          0x08004624        0x8 /home/olek/st/stm32cubeide_1.17.0_2/plugins/com.st.stm32cube.ide.mcu.externaltools.gnu-tools-for-stm32.12.3.rel1.linux64_1.1.0.202410170702/tools/bin/../lib/gcc/arm-none-eabi/12.3.1/thumb/v7-m/nofp/crtn.o
 *(.fini)
 .fini          0x0800462c        0x4 /home/olek/st/stm32cubeide_1.17.0_2/plugins/com.st.stm32cube.ide.mcu.externaltools.gnu-tools-for-stm32.12.3.rel1.linux64_1.1.0.202410170702/tools/bin/../lib/gcc/arm-none-eabi/12.3.1/thumb/v7-m/nofp/crti.o
                0x0800462c                _fini
 .fini          0x08004630        0x8 /home/olek/st/stm32cubeide_1.17.0_2/plugins/com.st.stm32cube.ide.mcu.externaltools.gnu-tools-for-stm32.12.3.rel1.linux64_1.1.0.202410170702/tools/bin/../lib/gcc/arm-none-eabi/12.3.1/thumb/v7-m/nofp/crtn.o
                0x08004638                        . = ALIGN (0x4)
                0x08004638                        _etext = .

.vfp11_veneer   0x08004638        0x0
 .vfp11_veneer  0x08004638        0x0 linker stubs

.v4_bx          0x08004638        0x0
 .v4_bx         0x08004638        0x0 linker stubs

.iplt           0x08004638        0x0
 .iplt          0x08004638        0x0 /home/olek/st/stm32cubeide_1.17.0_2/plugins/com.st.stm32cube.ide.mcu.externaltools.gnu-tools-for-stm32.12.3.rel1.linux64_1.1.0.202410170702/tools/bin/../lib/gcc/arm-none-eabi/12.3.1/thumb/v7-m/nofp/crtbegin.o

.rodata         0x08004638       0x48
                0x08004638                        . = ALIGN (0x4)
 *(.rodata)
 .rodata        0x08004638        0xf ./Core/Src/main.o
 *(.rodata*)
 *fill*         0x08004647        0x1 
 .rodata.AHBPrescTable
                0x08004648       0x10 ./Core/Src/system_stm32f1xx.o
                0x08004648                AHBPrescTable
 .rodata.APBPrescTable
                0x08004658        0x8 ./Core/Src/system_stm32f1xx.o
                0x08004658                APBPrescTable
 .rodata.aPLLMULFactorTable.1
                0x08004660        0xe ./Drivers/STM32F1xx_HAL_Driver/Src/stm32f1xx_hal_rcc.o
 *fill*         0x0800466e        0x2 
 .rodata.aPredivFactorTable.0
                0x08004670       0x10 ./Drivers/STM32F1xx_HAL_Driver/Src/stm32f1xx_hal_rcc.o
                0x08004680                        . = ALIGN (0x4)

.ARM.extab      0x08004680        0x0
                0x08004680                        . = ALIGN (0x4)
 *(.ARM.extab* .gnu.linkonce.armextab.*)
                0x08004680                        . = ALIGN (0x4)

.ARM            0x08004680        0x8
                0x08004680                        . = ALIGN (0x4)
                0x08004680                        __exidx_start = .
 *(.ARM.exidx*)
 .ARM.exidx     0x08004680        0x8 /home/olek/st/stm32cubeide_1.17.0_2/plugins/com.st.stm32cube.ide.mcu.externaltools.gnu-tools-for-stm32.12.3.rel1.linux64_1.1.0.202410170702/tools/bin/../lib/gcc/arm-none-eabi/12.3.1/thumb/v7-m/nofp/libgcc.a(_udivmoddi4.o)
                0x08004688                        __exidx_end = .
                0x08004688                        . = ALIGN (0x4)

.preinit_array  0x08004688        0x0
                0x08004688                        . = ALIGN (0x4)
                0x08004688                        PROVIDE (__preinit_array_start = .)
 *(.preinit_array*)
                0x08004688                        PROVIDE (__preinit_array_end = .)
                0x08004688                        . = ALIGN (0x4)

.init_array     0x08004688        0x4
                0x08004688                        . = ALIGN (0x4)
                0x08004688                        PROVIDE (__init_array_start = .)
 *(SORT_BY_NAME(.init_array.*))
 *(.init_array*)
 .init_array    0x08004688        0x4 /home/olek/st/stm32cubeide_1.17.0_2/plugins/com.st.stm32cube.ide.mcu.externaltools.gnu-tools-for-stm32.12.3.rel1.linux64_1.1.0.202410170702/tools/bin/../lib/gcc/arm-none-eabi/12.3.1/thumb/v7-m/nofp/crtbegin.o
                0x0800468c                        PROVIDE (__init_array_end = .)
                0x0800468c                        . = ALIGN (0x4)

.fini_array     0x0800468c        0x4
                0x0800468c                        . = ALIGN (0x4)
                [!provide]                        PROVIDE (__fini_array_start = .)
 *(SORT_BY_NAME(.fini_array.*))
 *(.fini_array*)
 .fini_array    0x0800468c        0x4 /home/olek/st/stm32cubeide_1.17.0_2/plugins/com.st.stm32cube.ide.mcu.externaltools.gnu-tools-for-stm32.12.3.rel1.linux64_1.1.0.202410170702/tools/bin/../lib/gcc/arm-none-eabi/12.3.1/thumb/v7-m/nofp/crtbegin.o
                [!provide]                        PROVIDE (__fini_array_end = .)
                0x08004690                        . = ALIGN (0x4)
                0x08004690                        _sidata = LOADADDR (.data)

.rel.dyn        0x08004690        0x0
 .rel.iplt      0x08004690        0x0 /home/olek/st/stm32cubeide_1.17.0_2/plugins/com.st.stm32cube.ide.mcu.externaltools.gnu-tools-for-stm32.12.3.rel1.linux64_1.1.0.202410170702/tools/bin/../lib/gcc/arm-none-eabi/12.3.1/thumb/v7-m/nofp/crtbegin.o

.data           0x20000000        0xc load address 0x08004690
                0x20000000                        . = ALIGN (0x4)
                0x20000000                        _sdata = .
 *(.data)
 *(.data*)
 .data.SystemCoreClock
                0x20000000        0x4 ./Core/Src/system_stm32f1xx.o
                0x20000000                SystemCoreClock
 .data.uwTickPrio
                0x20000004        0x4 ./Drivers/STM32F1xx_HAL_Driver/Src/stm32f1xx_hal.o
                0x20000004                uwTickPrio
 .data.uwTickFreq
                0x20000008        0x1 ./Drivers/STM32F1xx_HAL_Driver/Src/stm32f1xx_hal.o
                0x20000008                uwTickFreq
 *(.RamFunc)
 *(.RamFunc*)
                0x2000000c                        . = ALIGN (0x4)
 *fill*         0x20000009        0x3 
                0x2000000c                        _edata = .

.igot.plt       0x2000000c        0x0 load address 0x0800469c
 .igot.plt      0x2000000c        0x0 /home/olek/st/stm32cubeide_1.17.0_2/plugins/com.st.stm32cube.ide.mcu.externaltools.gnu-tools-for-stm32.12.3.rel1.linux64_1.1.0.202410170702/tools/bin/../lib/gcc/arm-none-eabi/12.3.1/thumb/v7-m/nofp/crtbegin.o
                0x2000000c                        . = ALIGN (0x4)

.bss            0x2000000c      0x1d8 load address 0x0800469c
                0x2000000c                        _sbss = .
                0x2000000c                        __bss_start__ = _sbss
 *(.bss)
 .bss           0x2000000c       0x1c /home/olek/st/stm32cubeide_1.17.0_2/plugins/com.st.stm32cube.ide.mcu.externaltools.gnu-tools-for-stm32.12.3.rel1.linux64_1.1.0.202410170702/tools/bin/../lib/gcc/arm-none-eabi/12.3.1/thumb/v7-m/nofp/crtbegin.o
 *(.bss*)
 .bss.hadc1     0x20000028       0x30 ./Core/Src/main.o
                0x20000028                hadc1
 .bss.htim1     0x20000058       0x48 ./Core/Src/main.o
                0x20000058                htim1
 .bss.htim2     0x200000a0       0x48 ./Core/Src/main.o
                0x200000a0                htim2
 .bss.htim3     0x200000e8       0x48 ./Core/Src/main.o
                0x200000e8                htim3
 .bss.huart1    0x20000130       0x48 ./Core/Src/main.o
                0x20000130                huart1
 .bss.rxBuffer  0x20000178       0x64 ./Core/Src/main.o
                0x20000178                rxBuffer
 .bss.receivedByte
                0x200001dc        0x1 ./Core/Src/main.o
                0x200001dc                receivedByte
 *fill*         0x200001dd        0x1 
 .bss.index.0   0x200001de        0x2 ./Core/Src/main.o
 .bss.uwTick    0x200001e0        0x4 ./Drivers/STM32F1xx_HAL_Driver/Src/stm32f1xx_hal.o
                0x200001e0                uwTick
 *(COMMON)
                0x200001e4                        . = ALIGN (0x4)
                0x200001e4                        _ebss = .
                0x200001e4                        __bss_end__ = _ebss

._user_heap_stack
                0x200001e4      0x604 load address 0x0800469c
                0x200001e8                        . = ALIGN (0x8)
 *fill*         0x200001e4        0x4 
                [!provide]                        PROVIDE (end = .)
                0x200001e8                        PROVIDE (_end = .)
                0x200003e8                        . = (. + _Min_Heap_Size)
 *fill*         0x200001e8      0x200 
                0x200007e8                        . = (. + _Min_Stack_Size)
 *fill*         0x200003e8      0x400 
                0x200007e8                        . = ALIGN (0x8)

/DISCARD/
 libc.a(*)
 libm.a(*)
 libgcc.a(*)

.ARM.attributes
                0x00000000       0x29
 *(.ARM.attributes)
 .ARM.attributes
                0x00000000       0x1d /home/olek/st/stm32cubeide_1.17.0_2/plugins/com.st.stm32cube.ide.mcu.externaltools.gnu-tools-for-stm32.12.3.rel1.linux64_1.1.0.202410170702/tools/bin/../lib/gcc/arm-none-eabi/12.3.1/thumb/v7-m/nofp/crti.o
 .ARM.attributes
                0x0000001d       0x2d /home/olek/st/stm32cubeide_1.17.0_2/plugins/com.st.stm32cube.ide.mcu.externaltools.gnu-tools-for-stm32.12.3.rel1.linux64_1.1.0.202410170702/tools/bin/../lib/gcc/arm-none-eabi/12.3.1/thumb/v7-m/nofp/crtbegin.o
 .ARM.attributes
                0x0000004a       0x2d ./Core/Src/main.o
 .ARM.attributes
                0x00000077       0x2d ./Core/Src/stm32f1xx_hal_msp.o
 .ARM.attributes
                0x000000a4       0x2d ./Core/Src/stm32f1xx_it.o
 .ARM.attributes
                0x000000d1       0x2d ./Core/Src/system_stm32f1xx.o
 .ARM.attributes
                0x000000fe       0x21 ./Core/Startup/startup_stm32f105r8tx.o
 .ARM.attributes
                0x0000011f       0x2d ./Drivers/STM32F1xx_HAL_Driver/Src/stm32f1xx_hal.o
 .ARM.attributes
                0x0000014c       0x2d ./Drivers/STM32F1xx_HAL_Driver/Src/stm32f1xx_hal_adc.o
 .ARM.attributes
                0x00000179       0x2d ./Drivers/STM32F1xx_HAL_Driver/Src/stm32f1xx_hal_cortex.o
 .ARM.attributes
                0x000001a6       0x2d ./Drivers/STM32F1xx_HAL_Driver/Src/stm32f1xx_hal_dma.o
 .ARM.attributes
                0x000001d3       0x2d ./Drivers/STM32F1xx_HAL_Driver/Src/stm32f1xx_hal_gpio.o
 .ARM.attributes
                0x00000200       0x2d ./Drivers/STM32F1xx_HAL_Driver/Src/stm32f1xx_hal_rcc.o
 .ARM.attributes
                0x0000022d       0x2d ./Drivers/STM32F1xx_HAL_Driver/Src/stm32f1xx_hal_rcc_ex.o
 .ARM.attributes
                0x0000025a       0x2d ./Drivers/STM32F1xx_HAL_Driver/Src/stm32f1xx_hal_tim.o
 .ARM.attributes
                0x00000287       0x2d ./Drivers/STM32F1xx_HAL_Driver/Src/stm32f1xx_hal_tim_ex.o
 .ARM.attributes
                0x000002b4       0x2d ./Drivers/STM32F1xx_HAL_Driver/Src/stm32f1xx_hal_uart.o
 .ARM.attributes
                0x000002e1       0x2d /home/olek/st/stm32cubeide_1.17.0_2/plugins/com.st.stm32cube.ide.mcu.externaltools.gnu-tools-for-stm32.12.3.rel1.linux64_1.1.0.202410170702/tools/bin/../lib/gcc/arm-none-eabi/12.3.1/../../../../arm-none-eabi/lib/thumb/v7-m/nofp/libc_nano.a(libc_a-memset.o)
 .ARM.attributes
                0x0000030e       0x2d /home/olek/st/stm32cubeide_1.17.0_2/plugins/com.st.stm32cube.ide.mcu.externaltools.gnu-tools-for-stm32.12.3.rel1.linux64_1.1.0.202410170702/tools/bin/../lib/gcc/arm-none-eabi/12.3.1/../../../../arm-none-eabi/lib/thumb/v7-m/nofp/libc_nano.a(libc_a-init.o)
 .ARM.attributes
                0x0000033b       0x1d /home/olek/st/stm32cubeide_1.17.0_2/plugins/com.st.stm32cube.ide.mcu.externaltools.gnu-tools-for-stm32.12.3.rel1.linux64_1.1.0.202410170702/tools/bin/../lib/gcc/arm-none-eabi/12.3.1/thumb/v7-m/nofp/libgcc.a(_aeabi_uldivmod.o)
 .ARM.attributes
                0x00000358       0x2d /home/olek/st/stm32cubeide_1.17.0_2/plugins/com.st.stm32cube.ide.mcu.externaltools.gnu-tools-for-stm32.12.3.rel1.linux64_1.1.0.202410170702/tools/bin/../lib/gcc/arm-none-eabi/12.3.1/thumb/v7-m/nofp/libgcc.a(_udivmoddi4.o)
 .ARM.attributes
                0x00000385       0x1d /home/olek/st/stm32cubeide_1.17.0_2/plugins/com.st.stm32cube.ide.mcu.externaltools.gnu-tools-for-stm32.12.3.rel1.linux64_1.1.0.202410170702/tools/bin/../lib/gcc/arm-none-eabi/12.3.1/thumb/v7-m/nofp/libgcc.a(_dvmd_tls.o)
 .ARM.attributes
                0x000003a2       0x1d /home/olek/st/stm32cubeide_1.17.0_2/plugins/com.st.stm32cube.ide.mcu.externaltools.gnu-tools-for-stm32.12.3.rel1.linux64_1.1.0.202410170702/tools/bin/../lib/gcc/arm-none-eabi/12.3.1/thumb/v7-m/nofp/crtn.o
OUTPUT(testing.elf elf32-littlearm)
LOAD linker stubs
LOAD /home/olek/st/stm32cubeide_1.17.0_2/plugins/com.st.stm32cube.ide.mcu.externaltools.gnu-tools-for-stm32.12.3.rel1.linux64_1.1.0.202410170702/tools/bin/../lib/gcc/arm-none-eabi/12.3.1/../../../../arm-none-eabi/lib/thumb/v7-m/nofp/libc.a
LOAD /home/olek/st/stm32cubeide_1.17.0_2/plugins/com.st.stm32cube.ide.mcu.externaltools.gnu-tools-for-stm32.12.3.rel1.linux64_1.1.0.202410170702/tools/bin/../lib/gcc/arm-none-eabi/12.3.1/../../../../arm-none-eabi/lib/thumb/v7-m/nofp/libm.a
LOAD /home/olek/st/stm32cubeide_1.17.0_2/plugins/com.st.stm32cube.ide.mcu.externaltools.gnu-tools-for-stm32.12.3.rel1.linux64_1.1.0.202410170702/tools/bin/../lib/gcc/arm-none-eabi/12.3.1/thumb/v7-m/nofp/libgcc.a

.debug_info     0x00000000     0xd730
 .debug_info    0x00000000     0x1702 ./Core/Src/main.o
 .debug_info    0x00001702     0x1173 ./Core/Src/stm32f1xx_hal_msp.o
 .debug_info    0x00002875      0x5eb ./Core/Src/stm32f1xx_it.o
 .debug_info    0x00002e60      0x257 ./Core/Src/system_stm32f1xx.o
 .debug_info    0x000030b7       0x30 ./Core/Startup/startup_stm32f105r8tx.o
 .debug_info    0x000030e7      0x780 ./Drivers/STM32F1xx_HAL_Driver/Src/stm32f1xx_hal.o
 .debug_info    0x00003867      0xc50 ./Drivers/STM32F1xx_HAL_Driver/Src/stm32f1xx_hal_adc.o
 .debug_info    0x000044b7      0xae7 ./Drivers/STM32F1xx_HAL_Driver/Src/stm32f1xx_hal_cortex.o
 .debug_info    0x00004f9e      0x6d2 ./Drivers/STM32F1xx_HAL_Driver/Src/stm32f1xx_hal_dma.o
 .debug_info    0x00005670      0x5c5 ./Drivers/STM32F1xx_HAL_Driver/Src/stm32f1xx_hal_gpio.o
 .debug_info    0x00005c35      0x895 ./Drivers/STM32F1xx_HAL_Driver/Src/stm32f1xx_hal_rcc.o
 .debug_info    0x000064ca      0x585 ./Drivers/STM32F1xx_HAL_Driver/Src/stm32f1xx_hal_rcc_ex.o
 .debug_info    0x00006a4f     0x2959 ./Drivers/STM32F1xx_HAL_Driver/Src/stm32f1xx_hal_tim.o
 .debug_info    0x000093a8     0x149b ./Drivers/STM32F1xx_HAL_Driver/Src/stm32f1xx_hal_tim_ex.o
 .debug_info    0x0000a843     0x2eed ./Drivers/STM32F1xx_HAL_Driver/Src/stm32f1xx_hal_uart.o

.debug_abbrev   0x00000000     0x1f30
 .debug_abbrev  0x00000000      0x33b ./Core/Src/main.o
 .debug_abbrev  0x0000033b      0x21e ./Core/Src/stm32f1xx_hal_msp.o
 .debug_abbrev  0x00000559      0x176 ./Core/Src/stm32f1xx_it.o
 .debug_abbrev  0x000006cf      0x11a ./Core/Src/system_stm32f1xx.o
 .debug_abbrev  0x000007e9       0x24 ./Core/Startup/startup_stm32f105r8tx.o
 .debug_abbrev  0x0000080d      0x201 ./Drivers/STM32F1xx_HAL_Driver/Src/stm32f1xx_hal.o
 .debug_abbrev  0x00000a0e      0x225 ./Drivers/STM32F1xx_HAL_Driver/Src/stm32f1xx_hal_adc.o
 .debug_abbrev  0x00000c33      0x2f8 ./Drivers/STM32F1xx_HAL_Driver/Src/stm32f1xx_hal_cortex.o
 .debug_abbrev  0x00000f2b      0x20b ./Drivers/STM32F1xx_HAL_Driver/Src/stm32f1xx_hal_dma.o
 .debug_abbrev  0x00001136      0x1ca ./Drivers/STM32F1xx_HAL_Driver/Src/stm32f1xx_hal_gpio.o
 .debug_abbrev  0x00001300      0x293 ./Drivers/STM32F1xx_HAL_Driver/Src/stm32f1xx_hal_rcc.o
 .debug_abbrev  0x00001593      0x1ac ./Drivers/STM32F1xx_HAL_Driver/Src/stm32f1xx_hal_rcc_ex.o
 .debug_abbrev  0x0000173f      0x277 ./Drivers/STM32F1xx_HAL_Driver/Src/stm32f1xx_hal_tim.o
 .debug_abbrev  0x000019b6      0x282 ./Drivers/STM32F1xx_HAL_Driver/Src/stm32f1xx_hal_tim_ex.o
 .debug_abbrev  0x00001c38      0x2f8 ./Drivers/STM32F1xx_HAL_Driver/Src/stm32f1xx_hal_uart.o

.debug_aranges  0x00000000      0xd70
 .debug_aranges
                0x00000000       0x98 ./Core/Src/main.o
 .debug_aranges
                0x00000098       0x58 ./Core/Src/stm32f1xx_hal_msp.o
 .debug_aranges
                0x000000f0       0x68 ./Core/Src/stm32f1xx_it.o
 .debug_aranges
                0x00000158       0x28 ./Core/Src/system_stm32f1xx.o
 .debug_aranges
                0x00000180       0x28 ./Core/Startup/startup_stm32f105r8tx.o
 .debug_aranges
                0x000001a8       0xe0 ./Drivers/STM32F1xx_HAL_Driver/Src/stm32f1xx_hal.o
 .debug_aranges
                0x00000288       0xf0 ./Drivers/STM32F1xx_HAL_Driver/Src/stm32f1xx_hal_adc.o
 .debug_aranges
                0x00000378      0x100 ./Drivers/STM32F1xx_HAL_Driver/Src/stm32f1xx_hal_cortex.o
 .debug_aranges
                0x00000478       0x80 ./Drivers/STM32F1xx_HAL_Driver/Src/stm32f1xx_hal_dma.o
 .debug_aranges
                0x000004f8       0x58 ./Drivers/STM32F1xx_HAL_Driver/Src/stm32f1xx_hal_gpio.o
 .debug_aranges
                0x00000550       0x90 ./Drivers/STM32F1xx_HAL_Driver/Src/stm32f1xx_hal_rcc.o
 .debug_aranges
                0x000005e0       0x50 ./Drivers/STM32F1xx_HAL_Driver/Src/stm32f1xx_hal_rcc_ex.o
 .debug_aranges
                0x00000630      0x3d0 ./Drivers/STM32F1xx_HAL_Driver/Src/stm32f1xx_hal_tim.o
 .debug_aranges
                0x00000a00      0x168 ./Drivers/STM32F1xx_HAL_Driver/Src/stm32f1xx_hal_tim_ex.o
 .debug_aranges
                0x00000b68      0x208 ./Drivers/STM32F1xx_HAL_Driver/Src/stm32f1xx_hal_uart.o

.debug_rnglists
                0x00000000      0xa8e
 .debug_rnglists
                0x00000000       0x72 ./Core/Src/main.o
 .debug_rnglists
                0x00000072       0x40 ./Core/Src/stm32f1xx_hal_msp.o
 .debug_rnglists
                0x000000b2       0x49 ./Core/Src/stm32f1xx_it.o
 .debug_rnglists
                0x000000fb       0x1a ./Core/Src/system_stm32f1xx.o
 .debug_rnglists
                0x00000115       0x19 ./Core/Startup/startup_stm32f105r8tx.o
 .debug_rnglists
                0x0000012e       0xa3 ./Drivers/STM32F1xx_HAL_Driver/Src/stm32f1xx_hal.o
 .debug_rnglists
                0x000001d1       0xbc ./Drivers/STM32F1xx_HAL_Driver/Src/stm32f1xx_hal_adc.o
 .debug_rnglists
                0x0000028d       0xbb ./Drivers/STM32F1xx_HAL_Driver/Src/stm32f1xx_hal_cortex.o
 .debug_rnglists
                0x00000348       0x64 ./Drivers/STM32F1xx_HAL_Driver/Src/stm32f1xx_hal_dma.o
 .debug_rnglists
                0x000003ac       0x3f ./Drivers/STM32F1xx_HAL_Driver/Src/stm32f1xx_hal_gpio.o
 .debug_rnglists
                0x000003eb       0x6c ./Drivers/STM32F1xx_HAL_Driver/Src/stm32f1xx_hal_rcc.o
 .debug_rnglists
                0x00000457       0x3c ./Drivers/STM32F1xx_HAL_Driver/Src/stm32f1xx_hal_rcc_ex.o
 .debug_rnglists
                0x00000493      0x31a ./Drivers/STM32F1xx_HAL_Driver/Src/stm32f1xx_hal_tim.o
 .debug_rnglists
                0x000007ad      0x125 ./Drivers/STM32F1xx_HAL_Driver/Src/stm32f1xx_hal_tim_ex.o
 .debug_rnglists
                0x000008d2      0x1bc ./Drivers/STM32F1xx_HAL_Driver/Src/stm32f1xx_hal_uart.o

.debug_macro    0x00000000    0x1e4ae
 .debug_macro   0x00000000      0x1d5 ./Core/Src/main.o
 .debug_macro   0x000001d5      0xaa8 ./Core/Src/main.o
 .debug_macro   0x00000c7d      0x221 ./Core/Src/main.o
 .debug_macro   0x00000e9e       0x2e ./Core/Src/main.o
 .debug_macro   0x00000ecc       0x22 ./Core/Src/main.o
 .debug_macro   0x00000eee       0x22 ./Core/Src/main.o
 .debug_macro   0x00000f10       0x8e ./Core/Src/main.o
 .debug_macro   0x00000f9e       0x51 ./Core/Src/main.o
 .debug_macro   0x00000fef      0x103 ./Core/Src/main.o
 .debug_macro   0x000010f2       0x6a ./Core/Src/main.o
 .debug_macro   0x0000115c      0x1df ./Core/Src/main.o
 .debug_macro   0x0000133b       0x1c ./Core/Src/main.o
 .debug_macro   0x00001357       0x22 ./Core/Src/main.o
 .debug_macro   0x00001379       0xbd ./Core/Src/main.o
 .debug_macro   0x00001436      0xd23 ./Core/Src/main.o
 .debug_macro   0x00002159    0x14912 ./Core/Src/main.o
 .debug_macro   0x00016a6b       0x6d ./Core/Src/main.o
 .debug_macro   0x00016ad8     0x34a2 ./Core/Src/main.o
 .debug_macro   0x00019f7a      0x189 ./Core/Src/main.o
 .debug_macro   0x0001a103       0x5c ./Core/Src/main.o
 .debug_macro   0x0001a15f      0x5bc ./Core/Src/main.o
 .debug_macro   0x0001a71b      0x644 ./Core/Src/main.o
 .debug_macro   0x0001ad5f      0x1cb ./Core/Src/main.o
 .debug_macro   0x0001af2a      0x114 ./Core/Src/main.o
 .debug_macro   0x0001b03e      0x214 ./Core/Src/main.o
 .debug_macro   0x0001b252       0x27 ./Core/Src/main.o
 .debug_macro   0x0001b279      0x13c ./Core/Src/main.o
 .debug_macro   0x0001b3b5      0x1bc ./Core/Src/main.o
 .debug_macro   0x0001b571       0x30 ./Core/Src/main.o
 .debug_macro   0x0001b5a1       0x3c ./Core/Src/main.o
 .debug_macro   0x0001b5dd       0x57 ./Core/Src/main.o
 .debug_macro   0x0001b634      0x46a ./Core/Src/main.o
 .debug_macro   0x0001ba9e      0x1c3 ./Core/Src/main.o
 .debug_macro   0x0001bc61       0x87 ./Core/Src/main.o
 .debug_macro   0x0001bce8      0x24f ./Core/Src/main.o
 .debug_macro   0x0001bf37      0x140 ./Core/Src/main.o
 .debug_macro   0x0001c077      0x8ed ./Core/Src/main.o
 .debug_macro   0x0001c964      0x28e ./Core/Src/main.o
 .debug_macro   0x0001cbf2       0xdf ./Core/Src/main.o
 .debug_macro   0x0001ccd1       0x88 ./Core/Src/main.o
 .debug_macro   0x0001cd59       0x22 ./Core/Src/main.o
 .debug_macro   0x0001cd7b      0x1c6 ./Core/Src/stm32f1xx_hal_msp.o
 .debug_macro   0x0001cf41      0x1d0 ./Core/Src/stm32f1xx_it.o
 .debug_macro   0x0001d111      0x1b7 ./Core/Src/system_stm32f1xx.o
 .debug_macro   0x0001d2c8      0x1db ./Drivers/STM32F1xx_HAL_Driver/Src/stm32f1xx_hal.o
 .debug_macro   0x0001d4a3      0x1d4 ./Drivers/STM32F1xx_HAL_Driver/Src/stm32f1xx_hal_adc.o
 .debug_macro   0x0001d677      0x1b7 ./Drivers/STM32F1xx_HAL_Driver/Src/stm32f1xx_hal_cortex.o
 .debug_macro   0x0001d82e      0x1b7 ./Drivers/STM32F1xx_HAL_Driver/Src/stm32f1xx_hal_dma.o
 .debug_macro   0x0001d9e5      0x222 ./Drivers/STM32F1xx_HAL_Driver/Src/stm32f1xx_hal_gpio.o
 .debug_macro   0x0001dc07      0x1c9 ./Drivers/STM32F1xx_HAL_Driver/Src/stm32f1xx_hal_rcc.o
 .debug_macro   0x0001ddd0      0x1b7 ./Drivers/STM32F1xx_HAL_Driver/Src/stm32f1xx_hal_rcc_ex.o
 .debug_macro   0x0001df87      0x1b8 ./Drivers/STM32F1xx_HAL_Driver/Src/stm32f1xx_hal_tim.o
 .debug_macro   0x0001e13f      0x1b7 ./Drivers/STM32F1xx_HAL_Driver/Src/stm32f1xx_hal_tim_ex.o
 .debug_macro   0x0001e2f6      0x1b8 ./Drivers/STM32F1xx_HAL_Driver/Src/stm32f1xx_hal_uart.o

.debug_line     0x00000000     0xf17e
 .debug_line    0x00000000      0xa59 ./Core/Src/main.o
 .debug_line    0x00000a59      0x803 ./Core/Src/stm32f1xx_hal_msp.o
 .debug_line    0x0000125c      0x76d ./Core/Src/stm32f1xx_it.o
 .debug_line    0x000019c9      0x748 ./Core/Src/system_stm32f1xx.o
 .debug_line    0x00002111       0x78 ./Core/Startup/startup_stm32f105r8tx.o
 .debug_line    0x00002189      0x940 ./Drivers/STM32F1xx_HAL_Driver/Src/stm32f1xx_hal.o
 .debug_line    0x00002ac9      0xfbb ./Drivers/STM32F1xx_HAL_Driver/Src/stm32f1xx_hal_adc.o
 .debug_line    0x00003a84      0xb2a ./Drivers/STM32F1xx_HAL_Driver/Src/stm32f1xx_hal_cortex.o
 .debug_line    0x000045ae     0x1269 ./Drivers/STM32F1xx_HAL_Driver/Src/stm32f1xx_hal_dma.o
 .debug_line    0x00005817      0x9d7 ./Drivers/STM32F1xx_HAL_Driver/Src/stm32f1xx_hal_gpio.o
 .debug_line    0x000061ee      0xe7e ./Drivers/STM32F1xx_HAL_Driver/Src/stm32f1xx_hal_rcc.o
 .debug_line    0x0000706c      0xb84 ./Drivers/STM32F1xx_HAL_Driver/Src/stm32f1xx_hal_rcc_ex.o
 .debug_line    0x00007bf0     0x34b0 ./Drivers/STM32F1xx_HAL_Driver/Src/stm32f1xx_hal_tim.o
 .debug_line    0x0000b0a0     0x18c1 ./Drivers/STM32F1xx_HAL_Driver/Src/stm32f1xx_hal_tim_ex.o
 .debug_line    0x0000c961     0x281d ./Drivers/STM32F1xx_HAL_Driver/Src/stm32f1xx_hal_uart.o

.debug_str      0x00000000    0xb4ba2
 .debug_str     0x00000000    0xb1c46 ./Core/Src/main.o
                              0xb20be (size before relaxing)
 .debug_str     0x000b1c46      0x45d ./Core/Src/stm32f1xx_hal_msp.o
                              0xb1df4 (size before relaxing)
 .debug_str     0x000b20a3       0xef ./Core/Src/stm32f1xx_it.o
                              0xb1542 (size before relaxing)
 .debug_str     0x000b2192       0xb1 ./Core/Src/system_stm32f1xx.o
                              0xb0f47 (size before relaxing)
 .debug_str     0x000b2243       0x44 ./Core/Startup/startup_stm32f105r8tx.o
                                 0x75 (size before relaxing)
 .debug_str     0x000b2287      0x378 ./Drivers/STM32F1xx_HAL_Driver/Src/stm32f1xx_hal.o
                              0xb1721 (size before relaxing)
 .debug_str     0x000b25ff      0x38e ./Drivers/STM32F1xx_HAL_Driver/Src/stm32f1xx_hal_adc.o
                              0xb15f0 (size before relaxing)
 .debug_str     0x000b298d      0x294 ./Drivers/STM32F1xx_HAL_Driver/Src/stm32f1xx_hal_cortex.o
                              0xb165f (size before relaxing)
 .debug_str     0x000b2c21      0x216 ./Drivers/STM32F1xx_HAL_Driver/Src/stm32f1xx_hal_dma.o
                              0xb12b5 (size before relaxing)
 .debug_str     0x000b2e37      0x2e1 ./Drivers/STM32F1xx_HAL_Driver/Src/stm32f1xx_hal_gpio.o
                              0xb12a0 (size before relaxing)
 .debug_str     0x000b3118      0x244 ./Drivers/STM32F1xx_HAL_Driver/Src/stm32f1xx_hal_rcc.o
                              0xb13b6 (size before relaxing)
 .debug_str     0x000b335c      0x104 ./Drivers/STM32F1xx_HAL_Driver/Src/stm32f1xx_hal_rcc_ex.o
                              0xb11c4 (size before relaxing)
 .debug_str     0x000b3460      0xcfb ./Drivers/STM32F1xx_HAL_Driver/Src/stm32f1xx_hal_tim.o
                              0xb233d (size before relaxing)
 .debug_str     0x000b415b      0x493 ./Drivers/STM32F1xx_HAL_Driver/Src/stm32f1xx_hal_tim_ex.o
                              0xb1b49 (size before relaxing)
 .debug_str     0x000b45ee      0x5b4 ./Drivers/STM32F1xx_HAL_Driver/Src/stm32f1xx_hal_uart.o
                              0xb19ac (size before relaxing)

.comment        0x00000000       0x43
 .comment       0x00000000       0x43 ./Core/Src/main.o
                                 0x44 (size before relaxing)
 .comment       0x00000043       0x44 ./Core/Src/stm32f1xx_hal_msp.o
 .comment       0x00000043       0x44 ./Core/Src/stm32f1xx_it.o
 .comment       0x00000043       0x44 ./Core/Src/system_stm32f1xx.o
 .comment       0x00000043       0x44 ./Drivers/STM32F1xx_HAL_Driver/Src/stm32f1xx_hal.o
 .comment       0x00000043       0x44 ./Drivers/STM32F1xx_HAL_Driver/Src/stm32f1xx_hal_adc.o
 .comment       0x00000043       0x44 ./Drivers/STM32F1xx_HAL_Driver/Src/stm32f1xx_hal_cortex.o
 .comment       0x00000043       0x44 ./Drivers/STM32F1xx_HAL_Driver/Src/stm32f1xx_hal_dma.o
 .comment       0x00000043       0x44 ./Drivers/STM32F1xx_HAL_Driver/Src/stm32f1xx_hal_gpio.o
 .comment       0x00000043       0x44 ./Drivers/STM32F1xx_HAL_Driver/Src/stm32f1xx_hal_rcc.o
 .comment       0x00000043       0x44 ./Drivers/STM32F1xx_HAL_Driver/Src/stm32f1xx_hal_rcc_ex.o
 .comment       0x00000043       0x44 ./Drivers/STM32F1xx_HAL_Driver/Src/stm32f1xx_hal_tim.o
 .comment       0x00000043       0x44 ./Drivers/STM32F1xx_HAL_Driver/Src/stm32f1xx_hal_tim_ex.o
 .comment       0x00000043       0x44 ./Drivers/STM32F1xx_HAL_Driver/Src/stm32f1xx_hal_uart.o

.debug_frame    0x00000000     0x38b8
 .debug_frame   0x00000000      0x234 ./Core/Src/main.o
 .debug_frame   0x00000234      0x134 ./Core/Src/stm32f1xx_hal_msp.o
 .debug_frame   0x00000368      0x120 ./Core/Src/stm32f1xx_it.o
 .debug_frame   0x00000488       0x58 ./Core/Src/system_stm32f1xx.o
 .debug_frame   0x000004e0      0x334 ./Drivers/STM32F1xx_HAL_Driver/Src/stm32f1xx_hal.o
 .debug_frame   0x00000814      0x40c ./Drivers/STM32F1xx_HAL_Driver/Src/stm32f1xx_hal_adc.o
 .debug_frame   0x00000c20      0x428 ./Drivers/STM32F1xx_HAL_Driver/Src/stm32f1xx_hal_cortex.o
 .debug_frame   0x00001048      0x20c ./Drivers/STM32F1xx_HAL_Driver/Src/stm32f1xx_hal_dma.o
 .debug_frame   0x00001254      0x14c ./Drivers/STM32F1xx_HAL_Driver/Src/stm32f1xx_hal_gpio.o
 .debug_frame   0x000013a0      0x220 ./Drivers/STM32F1xx_HAL_Driver/Src/stm32f1xx_hal_rcc.o
 .debug_frame   0x000015c0      0x118 ./Drivers/STM32F1xx_HAL_Driver/Src/stm32f1xx_hal_rcc_ex.o
 .debug_frame   0x000016d8     0x11b8 ./Drivers/STM32F1xx_HAL_Driver/Src/stm32f1xx_hal_tim.o
 .debug_frame   0x00002890      0x638 ./Drivers/STM32F1xx_HAL_Driver/Src/stm32f1xx_hal_tim_ex.o
 .debug_frame   0x00002ec8      0x944 ./Drivers/STM32F1xx_HAL_Driver/Src/stm32f1xx_hal_uart.o
 .debug_frame   0x0000380c       0x20 /home/olek/st/stm32cubeide_1.17.0_2/plugins/com.st.stm32cube.ide.mcu.externaltools.gnu-tools-for-stm32.12.3.rel1.linux64_1.1.0.202410170702/tools/bin/../lib/gcc/arm-none-eabi/12.3.1/../../../../arm-none-eabi/lib/thumb/v7-m/nofp/libc_nano.a(libc_a-memset.o)
 .debug_frame   0x0000382c       0x2c /home/olek/st/stm32cubeide_1.17.0_2/plugins/com.st.stm32cube.ide.mcu.externaltools.gnu-tools-for-stm32.12.3.rel1.linux64_1.1.0.202410170702/tools/bin/../lib/gcc/arm-none-eabi/12.3.1/../../../../arm-none-eabi/lib/thumb/v7-m/nofp/libc_nano.a(libc_a-init.o)
 .debug_frame   0x00003858       0x2c /home/olek/st/stm32cubeide_1.17.0_2/plugins/com.st.stm32cube.ide.mcu.externaltools.gnu-tools-for-stm32.12.3.rel1.linux64_1.1.0.202410170702/tools/bin/../lib/gcc/arm-none-eabi/12.3.1/thumb/v7-m/nofp/libgcc.a(_aeabi_uldivmod.o)
 .debug_frame   0x00003884       0x34 /home/olek/st/stm32cubeide_1.17.0_2/plugins/com.st.stm32cube.ide.mcu.externaltools.gnu-tools-for-stm32.12.3.rel1.linux64_1.1.0.202410170702/tools/bin/../lib/gcc/arm-none-eabi/12.3.1/thumb/v7-m/nofp/libgcc.a(_udivmoddi4.o)

.debug_line_str
                0x00000000       0x59
 .debug_line_str
                0x00000000       0x59 ./Core/Startup/startup_stm32f105r8tx.o
